<html>
<body>
<pre>
<h1>µVision Build Log</h1>
<h2>Tool Versions:</h2>
IDE-Version: ¦ÌVision V5.35.0.0
Copyright (C) 2021 ARM Ltd and ARM Germany GmbH. All rights reserved.
License Information: L lizhenxing057@outlook.com, L, LIC=GMZI6-DIBB7-RADDM-XC1VD-XWRZX-BK2UR
 
Tool Versions:
Toolchain:       MDK-ARM Plus  Version: 5.35.0.2
Toolchain Path:  D:\keil\ARM\ARMCC\Bin
C Compiler:      Armcc.exe V5.06 update 7 (build 960)
Assembler:       Armasm.exe V5.06 update 7 (build 960)
Linker/Locator:  ArmLink.exe V5.06 update 7 (build 960)
Library Manager: ArmAr.exe V5.06 update 7 (build 960)
Hex Converter:   FromElf.exe V5.06 update 7 (build 960)
CPU DLL:         SARMCM3.DLL V5.35.0.2
Dialog DLL:      DCM.DLL V1.17.3.0
Target DLL:      STLink\ST-LINKIII-KEIL_SWO.dll V3.0.9.0
Dialog DLL:      TCM.DLL V1.53.0.0
 
<h2>Project:</h2>
D:\multi_function\desk\AGV_ROBOT-main\Chassis\MDK-ARM\Chassis.uvprojx
Project File Date:  03/14/2024

<h2>Output:</h2>
*** Using Compiler 'V5.06 update 7 (build 960)', folder: 'D:\keil\ARM\ARMCC\Bin'
Build target 'Chassis'
compiling channel_changes.c...
..\USER\Control\channel_changes.h(4): warning:  #1295-D: Deprecated declaration translational_control - give arg types
  void translational_control();
..\USER\Control\channel_changes.h(5): warning:  #1295-D: Deprecated declaration compound_control - give arg types
  void compound_control();
..\USER\Control\channel_changes.h(6): warning:  #1295-D: Deprecated declaration rotate_control - give arg types
  void rotate_control();
..\USER\Control\channel_changes.h(14): warning:  #1-D: last line of file ends without a newline
  #endif
../USER/Task/chassis.h(8): warning:  #1-D: last line of file ends without a newline
  #endif
../USER/Task/chassis.h(6): warning:  #1295-D: Deprecated declaration Yaw_Diff - give arg types
  void Yaw_Diff();
../USER/Task/chassis.h(7): warning:  #1295-D: Deprecated declaration supercap - give arg types
  void supercap();
../USER/Task/chassis.h(8): warning:  #1-D: last line of file ends without a newline
  #endif
../USER/DriverLayer/drv_can.h(13): warning:  #1-D: last line of file ends without a newline
  #endif
../USER/PotocaLayer/rc_potocal.h(55): warning:  #1-D: last line of file ends without a newline
  #endif
../USER/motion_overlay.h(11): warning:  #1295-D: Deprecated declaration rotate_6020 - give arg types
  void rotate_6020();
../USER/motion_overlay.h(13): warning:  #1-D: last line of file ends without a newline
  #endif
../USER/handle_value.h(8): warning:  #1-D: last line of file ends without a newline
  #endif
../USER/DriverLayer/user_can.h(5): warning:  #1295-D: Deprecated declaration CAN1_Init - give arg types
  void CAN1_Init();
../USER/DriverLayer/user_can.h(6): warning:  #1295-D: Deprecated declaration CAN2_Init - give arg types
  void CAN2_Init();
../USER/DriverLayer/user_can.h(24): warning:  #1-D: last line of file ends without a newline
  #endif
../USER/DriverLayer/user_pid.h(20): warning:  #1-D: last line of file ends without a newline
  #endif
../Core/Inc/NRF24L01.h(116): warning:  #1-D: last line of file ends without a newline
  #endif
..\USER\Control\channel_changes.c(201): warning:  #1035-D: single-precision operand implicitly converted to double-precision
      pre=((float)val*0.4+pre*(1-0.4));
..\USER\Control\channel_changes.c(221): warning:  #1035-D: single-precision operand implicitly converted to double-precision
  	yaw_err += 0.01916; 
..\USER\Control\channel_changes.c(352): warning:  #1035-D: single-precision operand implicitly converted to double-precision
  			pi1+=0.01;
..\USER\Control\channel_changes.c(383): warning:  #1035-D: single-precision operand implicitly converted to double-precision
  	yaw_err += 0.01916; 
..\USER\Control\channel_changes.c(465): warning:  #1-D: last line of file ends without a newline
  /****************************************************************************************************************************/
..\USER\Control\channel_changes.c: 23 warnings, 0 errors
linking...
Program Size: Code=55328 RO-data=2124 RW-data=912 ZI-data=36144  
FromELF: creating hex file...
"Chassis\Chassis.axf" - 0 Error(s), 23 Warning(s).

<h2>Software Packages used:</h2>

Package Vendor: ARM
                http://www.keil.com/pack/ARM.CMSIS.5.8.0.pack
                ARM.CMSIS.5.8.0
                CMSIS (Common Microcontroller Software Interface Standard)
   * Component: CORE Version: 5.5.0

Package Vendor: Keil
                https://www.keil.com/pack/Keil.STM32F4xx_DFP.2.17.1.pack
                Keil.STM32F4xx_DFP.2.17.1
                STMicroelectronics STM32F4 Series Device Support, Drivers and Examples

<h2>Collection of Component include folders:</h2>
  .\RTE\_Chassis
  D:\keil\ARM\PACK\ARM\CMSIS\5.8.0\CMSIS\Core\Include
  D:\keil\ARM\PACK\Keil\STM32F4xx_DFP\2.17.1\Drivers\CMSIS\Device\ST\STM32F4xx\Include

<h2>Collection of Component Files used:</h2>

   * Component: ARM::CMSIS:CORE:5.5.0
      Include file:  CMSIS\Core\Include\tz_context.h
Build Time Elapsed:  00:00:03
</pre>
</body>
</html>
